 * Serving Flask app 'app'
 * Debug mode: on
python.exe : WARNING: This is a development server. Do not use it in a production deployment. Use a 
production WSGI server instead.
At line:1 char:76
+ ... t\backend"; & "C:/Users/farha/OneDrive/Desktop/SRH projects/library_p ...
+                 ~~~~~~~~~~~~~~~~~~~~~~~~~~~~~~~~~~~~~~~~~~~~~~~~~~~~~~~~~
    + CategoryInfo          : NotSpecified: (WARNING: This i...server instead.:String) [], RemoteEx 
   ception
    + FullyQualifiedErrorId : NativeCommandError
 
 * Running on http://127.0.0.1:5000
Press CTRL+C to quit
 * Restarting with stat
 * Debugger is active!
 * Debugger PIN: 455-124-776
